<html>
<body>
<pre>
<h1>µVision Build Log</h1>
<h2>Tool Versions:</h2>
IDE-Version: ¦ÌVision V5.31.0.0
Copyright (C) 2020 ARM Ltd and ARM Germany GmbH. All rights reserved.
License Information: 1 lenovo, 1, LIC=X96CK-ZSPWN-QDNKD-8GKNG-5JICN-QH6AG
 
Tool Versions:
Toolchain:       MDK-ARM Plus  Version: 5.31.0.0
Toolchain Path:  D:\keil\ARM\ARMCC\Bin
C Compiler:      Armcc.exe V5.06 update 6 (build 750)
Assembler:       Armasm.exe V5.06 update 6 (build 750)
Linker/Locator:  ArmLink.exe V5.06 update 6 (build 750)
Library Manager: ArmAr.exe V5.06 update 6 (build 750)
Hex Converter:   FromElf.exe V5.06 update 6 (build 750)
CPU DLL:         SARMCM3.DLL V5.31.0.0
Dialog DLL:      DCM.DLL V1.17.3.0
Target DLL:      STLink\ST-LINKIII-KEIL_SWO.dll V3.0.7.0
Dialog DLL:      TCM.DLL V1.46.0.0
 
<h2>Project:</h2>
E:\AD\16Í¨µÀÄ£¿é\CREDIT-ADS1258-SW-4-TFT\USER\ADS1258-ADC-Driver.uvprojx
Project File Date:  09/04/2025

<h2>Output:</h2>
*** Using Compiler 'V5.06 update 6 (build 750)', folder: 'D:\keil\ARM\ARMCC\Bin'
Rebuild target 'ADS1258'
assembling startup_stm32f10x_hd.s...
compiling core_cm3.c...
compiling led.c...
compiling beep.c...
compiling key.c...
compiling ads1258.c...
..\HARDWARE\ADS1258\ads1258.c(458): warning:  #177-D: function "adc_frame_init"  was declared but never referenced
  static void adc_frame_init(void)
..\HARDWARE\ADS1258\ads1258.c(489): warning:  #177-D: function "signext24"  was declared but never referenced
  static inline int32_t signext24(uint32_t v24)
..\HARDWARE\ADS1258\ads1258.c: 2 warnings, 0 errors
compiling lcd_init.c...
compiling lcd.c...
compiling zk.c...
compiling misc.c...
compiling stm32f10x_adc.c...
compiling stm32f10x_crc.c...
compiling stm32f10x_bkp.c...
compiling stm32f10x_cec.c...
compiling stm32f10x_dac.c...
compiling stm32f10x_can.c...
compiling stm32f10x_dma.c...
compiling stm32f10x_dbgmcu.c...
compiling stm32f10x_exti.c...
compiling stm32f10x_i2c.c...
compiling stm32f10x_gpio.c...
compiling stm32f10x_fsmc.c...
compiling stm32f10x_flash.c...
compiling stm32f10x_pwr.c...
compiling stm32f10x_iwdg.c...
compiling stm32f10x_spi.c...
compiling stm32f10x_rtc.c...
compiling stm32f10x_sdio.c...
compiling stm32f10x_rcc.c...
compiling stm32f10x_tim.c...
compiling stm32f10x_wwdg.c...
compiling delay.c...
compiling stm32f10x_usart.c...
compiling main.c...
compiling usart.c...
compiling stm32f10x_it.c...
compiling sys.c...
compiling system_stm32f10x.c...
linking...
Program Size: Code=5712 RO-data=336 RW-data=72 ZI-data=2016  
FromELF: creating hex file...
"..\OBJ\ADS1258.axf" - 0 Error(s), 2 Warning(s).

<h2>Software Packages used:</h2>

Package Vendor: Keil
                http://www.keil.com/pack/Keil.STM32F1xx_DFP.2.3.0.pack
                Keil.STM32F1xx_DFP.2.3.0
                STMicroelectronics STM32F1 Series Device Support, Drivers and Examples

<h2>Collection of Component include folders:</h2>
  D:\keil\Keil32\STM32F1xx_DFP\2.3.0\Device\Include

<h2>Collection of Component Files used:</h2>
Build Time Elapsed:  00:00:08
</pre>
</body>
</html>
